  console.error
    React does not recognize the `whileHover` prop on a DOM element. If you intentionally want it to appear in the DOM as a custom attribute, spell it as lowercase `whilehover` instead. If you accidentally passed it from a parent component, remove it from the DOM element.

    [0m [90m 61 |[39m         [36mawait[39m waitFor(() [33m=>[39m expect(screen[33m.[39mgetByText([35m/Finishing Touch/i[39m))[33m.[39mtoBeInTheDocument())[33m;[39m
     [90m 62 |[39m         [36mconst[39m searchBtn [33m=[39m screen[33m.[39mgetByRole([32m'button'[39m[33m,[39m { name[33m:[39m [35m/Vind mijn matchs/i[39m })[33m;[39m
    [31m[1m>[22m[39m[90m 63 |[39m         fireEvent[33m.[39mclick(searchBtn)[33m;[39m
     [90m    |[39m                   [31m[1m^[22m[39m
     [90m 64 |[39m
     [90m 65 |[39m         [90m// Step 5: Results (implicit, check fetch call)[39m
     [90m 66 |[39m         [36mawait[39m waitFor(() [33m=>[39m {[0m

      at validateProperty (node_modules/react-dom/cjs/react-dom-client.development.js:3001:19)
      at warnUnknownProperties (node_modules/react-dom/cjs/react-dom-client.development.js:3146:9)
      at validatePropertiesInDevelopment (node_modules/react-dom/cjs/react-dom-client.development.js:19868:9)
      at setInitialProperties (node_modules/react-dom/cjs/react-dom-client.development.js:20491:7)
      at completeWork (node_modules/react-dom/cjs/react-dom-client.development.js:12662:18)
      at runWithFiberInDEV (node_modules/react-dom/cjs/react-dom-client.development.js:874:13)
      at completeUnitOfWork (node_modules/react-dom/cjs/react-dom-client.development.js:17777:19)
      at performUnitOfWork (node_modules/react-dom/cjs/react-dom-client.development.js:17658:11)
      at workLoopSync (node_modules/react-dom/cjs/react-dom-client.development.js:17469:41)
      at renderRootSync (node_modules/react-dom/cjs/react-dom-client.development.js:17450:11)
      at performWorkOnRoot (node_modules/react-dom/cjs/react-dom-client.development.js:16504:11)
      at performSyncWorkOnRoot (node_modules/react-dom/cjs/react-dom-client.development.js:18972:7)
      at flushSyncWorkAcrossRoots_impl (node_modules/react-dom/cjs/react-dom-client.development.js:18814:21)
      at processRootScheduleInMicrotask (node_modules/react-dom/cjs/react-dom-client.development.js:18853:9)
      at node_modules/react-dom/cjs/react-dom-client.development.js:18982:11
      at flushActQueue (node_modules/react/cjs/react.development.js:590:34)
      at process.env.NODE_ENV.exports.act (node_modules/react/cjs/react.development.js:884:10)
      at node_modules/@testing-library/react/dist/act-compat.js:46:25
      at Object.eventWrapper (node_modules/@testing-library/react/dist/pure.js:106:28)
      at fireEvent (node_modules/@testing-library/dom/dist/events.js:12:35)
      at Function.fireEvent.<computed> [as click] (node_modules/@testing-library/dom/dist/events.js:110:36)
      at Function.fireEvent.<computed> [as click] (node_modules/@testing-library/react/dist/fire-event.js:15:52)
      at Object.click (tests/components/recommendations/RecommendationWizardV2.test.tsx:63:19)

  console.error
    React does not recognize the `whileTap` prop on a DOM element. If you intentionally want it to appear in the DOM as a custom attribute, spell it as lowercase `whiletap` instead. If you accidentally passed it from a parent component, remove it from the DOM element.

    [0m [90m 61 |[39m         [36mawait[39m waitFor(() [33m=>[39m expect(screen[33m.[39mgetByText([35m/Finishing Touch/i[39m))[33m.[39mtoBeInTheDocument())[33m;[39m
     [90m 62 |[39m         [36mconst[39m searchBtn [33m=[39m screen[33m.[39mgetByRole([32m'button'[39m[33m,[39m { name[33m:[39m [35m/Vind mijn matchs/i[39m })[33m;[39m
    [31m[1m>[22m[39m[90m 63 |[39m         fireEvent[33m.[39mclick(searchBtn)[33m;[39m
     [90m    |[39m                   [31m[1m^[22m[39m
     [90m 64 |[39m
     [90m 65 |[39m         [90m// Step 5: Results (implicit, check fetch call)[39m
     [90m 66 |[39m         [36mawait[39m waitFor(() [33m=>[39m {[0m

      at validateProperty (node_modules/react-dom/cjs/react-dom-client.development.js:3001:19)
      at warnUnknownProperties (node_modules/react-dom/cjs/react-dom-client.development.js:3146:9)
      at validatePropertiesInDevelopment (node_modules/react-dom/cjs/react-dom-client.development.js:19868:9)
      at setInitialProperties (node_modules/react-dom/cjs/react-dom-client.development.js:20491:7)
      at completeWork (node_modules/react-dom/cjs/react-dom-client.development.js:12662:18)
      at runWithFiberInDEV (node_modules/react-dom/cjs/react-dom-client.development.js:874:13)
      at completeUnitOfWork (node_modules/react-dom/cjs/react-dom-client.development.js:17777:19)
      at performUnitOfWork (node_modules/react-dom/cjs/react-dom-client.development.js:17658:11)
      at workLoopSync (node_modules/react-dom/cjs/react-dom-client.development.js:17469:41)
      at renderRootSync (node_modules/react-dom/cjs/react-dom-client.development.js:17450:11)
      at performWorkOnRoot (node_modules/react-dom/cjs/react-dom-client.development.js:16504:11)
      at performSyncWorkOnRoot (node_modules/react-dom/cjs/react-dom-client.development.js:18972:7)
      at flushSyncWorkAcrossRoots_impl (node_modules/react-dom/cjs/react-dom-client.development.js:18814:21)
      at processRootScheduleInMicrotask (node_modules/react-dom/cjs/react-dom-client.development.js:18853:9)
      at node_modules/react-dom/cjs/react-dom-client.development.js:18982:11
      at flushActQueue (node_modules/react/cjs/react.development.js:590:34)
      at process.env.NODE_ENV.exports.act (node_modules/react/cjs/react.development.js:884:10)
      at node_modules/@testing-library/react/dist/act-compat.js:46:25
      at Object.eventWrapper (node_modules/@testing-library/react/dist/pure.js:106:28)
      at fireEvent (node_modules/@testing-library/dom/dist/events.js:12:35)
      at Function.fireEvent.<computed> [as click] (node_modules/@testing-library/dom/dist/events.js:110:36)
      at Function.fireEvent.<computed> [as click] (node_modules/@testing-library/react/dist/fire-event.js:15:52)
      at Object.click (tests/components/recommendations/RecommendationWizardV2.test.tsx:63:19)

  console.error
    TypeError: Cannot read properties of undefined (reading 'map')
        at map (C:\Users\RKSGK\Documents\periode 3 avans hbo 1\Groep\avanskieskompas_lu3\src\components\recommendations\RecommendationResultCard.tsx:39:31)
        at Object.react_stack_bottom_frame (C:\Users\RKSGK\Documents\periode 3 avans hbo 1\Groep\avanskieskompas_lu3\node_modules\react-dom\cjs\react-dom-client.development.js:25904:20)
        at renderWithHooks (C:\Users\RKSGK\Documents\periode 3 avans hbo 1\Groep\avanskieskompas_lu3\node_modules\react-dom\cjs\react-dom-client.development.js:7662:22)
        at updateFunctionComponent (C:\Users\RKSGK\Documents\periode 3 avans hbo 1\Groep\avanskieskompas_lu3\node_modules\react-dom\cjs\react-dom-client.development.js:10166:19)
        at beginWork (C:\Users\RKSGK\Documents\periode 3 avans hbo 1\Groep\avanskieskompas_lu3\node_modules\react-dom\cjs\react-dom-client.development.js:11778:18)
        at runWithFiberInDEV (C:\Users\RKSGK\Documents\periode 3 avans hbo 1\Groep\avanskieskompas_lu3\node_modules\react-dom\cjs\react-dom-client.development.js:874:13)
        at performUnitOfWork (C:\Users\RKSGK\Documents\periode 3 avans hbo 1\Groep\avanskieskompas_lu3\node_modules\react-dom\cjs\react-dom-client.development.js:17641:22)
        at workLoopSync (C:\Users\RKSGK\Documents\periode 3 avans hbo 1\Groep\avanskieskompas_lu3\node_modules\react-dom\cjs\react-dom-client.development.js:17469:41)
        at renderRootSync (C:\Users\RKSGK\Documents\periode 3 avans hbo 1\Groep\avanskieskompas_lu3\node_modules\react-dom\cjs\react-dom-client.development.js:17450:11)
        at performWorkOnRoot (C:\Users\RKSGK\Documents\periode 3 avans hbo 1\Groep\avanskieskompas_lu3\node_modules\react-dom\cjs\react-dom-client.development.js:16583:35)
        at performWorkOnRootViaSchedulerTask (C:\Users\RKSGK\Documents\periode 3 avans hbo 1\Groep\avanskieskompas_lu3\node_modules\react-dom\cjs\react-dom-client.development.js:18957:7)
        at performWorkUntilDeadline (C:\Users\RKSGK\Documents\periode 3 avans hbo 1\Groep\avanskieskompas_lu3\node_modules\scheduler\cjs\scheduler.development.js:45:48)
        at Timeout.task [as _onTimeout] (C:\Users\RKSGK\Documents\periode 3 avans hbo 1\Groep\avanskieskompas_lu3\node_modules\jsdom\lib\jsdom\browser\Window.js:579:19)
        at listOnTimeout (node:internal/timers:588:17)
        at processTimers (node:internal/timers:523:7)

      at process.env.NODE_ENV.reportGlobalError (node_modules/react-dom/cjs/react-dom-client.development.js:25513:23)
      at defaultOnUncaughtError (node_modules/react-dom/cjs/react-dom-client.development.js:9361:7)
      at logUncaughtError (node_modules/react-dom/cjs/react-dom-client.development.js:9431:11)
      at runWithFiberInDEV (node_modules/react-dom/cjs/react-dom-client.development.js:874:13)
      at lane.callback (node_modules/react-dom/cjs/react-dom-client.development.js:9461:9)
      at callCallback (node_modules/react-dom/cjs/react-dom-client.development.js:7423:16)
      at commitCallbacks (node_modules/react-dom/cjs/react-dom-client.development.js:7443:11)
      at runWithFiberInDEV (node_modules/react-dom/cjs/react-dom-client.development.js:874:13)
      at commitLayoutEffectOnFiber (node_modules/react-dom/cjs/react-dom-client.development.js:14047:15)
      at flushLayoutEffects (node_modules/react-dom/cjs/react-dom-client.development.js:18138:15)
      at commitRoot (node_modules/react-dom/cjs/react-dom-client.development.js:17954:9)
      at commitRootWhenReady (node_modules/react-dom/cjs/react-dom-client.development.js:16824:7)
      at performWorkOnRoot (node_modules/react-dom/cjs/react-dom-client.development.js:16722:15)
      at performWorkOnRootViaSchedulerTask (node_modules/react-dom/cjs/react-dom-client.development.js:18957:7)
      at performWorkUntilDeadline (node_modules/scheduler/cjs/scheduler.development.js:45:48)
      at Timeout.task [as _onTimeout] (node_modules/jsdom/lib/jsdom/browser/Window.js:579:19)

  console.warn
    An error occurred in the <RecommendationResultCard> component.
    
    Consider adding an error boundary to your tree to customize error handling behavior.
    Visit https://react.dev/link/error-boundaries to learn more about error boundaries.

      at defaultOnUncaughtError (node_modules/react-dom/cjs/react-dom-client.development.js:9362:15)
      at logUncaughtError (node_modules/react-dom/cjs/react-dom-client.development.js:9431:11)
      at runWithFiberInDEV (node_modules/react-dom/cjs/react-dom-client.development.js:874:13)
      at lane.callback (node_modules/react-dom/cjs/react-dom-client.development.js:9461:9)
      at callCallback (node_modules/react-dom/cjs/react-dom-client.development.js:7423:16)
      at commitCallbacks (node_modules/react-dom/cjs/react-dom-client.development.js:7443:11)
      at runWithFiberInDEV (node_modules/react-dom/cjs/react-dom-client.development.js:874:13)
      at commitLayoutEffectOnFiber (node_modules/react-dom/cjs/react-dom-client.development.js:14047:15)
      at flushLayoutEffects (node_modules/react-dom/cjs/react-dom-client.development.js:18138:15)
      at commitRoot (node_modules/react-dom/cjs/react-dom-client.development.js:17954:9)
      at commitRootWhenReady (node_modules/react-dom/cjs/react-dom-client.development.js:16824:7)
      at performWorkOnRoot (node_modules/react-dom/cjs/react-dom-client.development.js:16722:15)
      at performWorkOnRootViaSchedulerTask (node_modules/react-dom/cjs/react-dom-client.development.js:18957:7)
      at performWorkUntilDeadline (node_modules/scheduler/cjs/scheduler.development.js:45:48)
      at Timeout.task [as _onTimeout] (node_modules/jsdom/lib/jsdom/browser/Window.js:579:19)

